exit 0
--- stdout ---
# canonical v1
_result = unit
m = record {as_col: fn as_col/1, as_row: fn as_row/1, axis_of: fn axis_of/3, drop_dim: fn drop_dim/2, drop_go: fn drop_go/4, flatten: fn flatten/1, flatten_from: fn flatten_from/2, flatten_go: fn flatten_go/4, insert_dim: fn insert_dim/3, insert_go: fn insert_go/5, numel: fn numel/1, prod_dims: fn prod_dims/2, rank: fn rank/1, squeeze_at: fn squeeze_at/2, stack: fn stack/2, stack_cols: fn stack_cols/1, stack_rows: fn stack_rows/1, unsqueeze: fn unsqueeze/2}
--- stderr ---
