exit 1
--- stdout ---
--- stderr ---
case.tw:1: shape error: unknown unit "USD" (declare it with `unit USD`)
  1 | fn bad(px: USD/share, qty: share) -> USD { px + qty }
case.tw:1: shape error: unknown unit "share" (declare it with `unit share`)
  1 | fn bad(px: USD/share, qty: share) -> USD { px + qty }
case.tw:2: shape error: unknown type "share" on parameter "qty"
  2 | let r = bad(150.0, 100.0)
case.tw:1: shape error: unit mismatch: USD*share^-1 + 1
  1 | fn bad(px: USD/share, qty: share) -> USD { px + qty }
case.tw:2: shape error: function returns unit USD*share^-1 but its signature declares USD
  2 | let r = bad(150.0, 100.0)
twill: 5 shape error(s); not running (use --no-check to run anyway)
