exit 1
--- stdout ---
--- stderr ---
case.ra:1: shape error: unknown unit "USD" (declare it with `unit USD`)
  1 | fn f(px: USD) -> USD { log(px) }
case.ra:2: shape error: unknown type "USD" on parameter "px"
  2 | let r = f(100.0)
case.ra:2: shape error: function returns unit 1 but its signature declares USD
  2 | let r = f(100.0)
raster: 3 shape error(s); not running (use --no-check to run anyway)
