exit 1
--- stdout ---
--- stderr ---
case.ra:1: shape error: unknown name "expected"
  1 | expected a missing-module error from the override directory
case.ra:1: shape error: unknown name "a"
  1 | expected a missing-module error from the override directory
case.ra:1: shape error: unknown name "missing"
  1 | expected a missing-module error from the override directory
case.ra:1: shape error: unknown name "module"
  1 | expected a missing-module error from the override directory
case.ra:1: shape error: unknown name "error"
  1 | expected a missing-module error from the override directory
case.ra:1: shape error: unknown name "from"
  1 | expected a missing-module error from the override directory
case.ra:1: shape error: unknown name "the"
  1 | expected a missing-module error from the override directory
case.ra:1: shape error: unknown name "override"
  1 | expected a missing-module error from the override directory
case.ra:1: shape error: unknown name "directory"
  1 | expected a missing-module error from the override directory
raster: 9 shape error(s); not running (use --no-check to run anyway)
