exit 1
--- stdout ---
--- stderr ---
case.ra:1: shape error: unknown name "zeta"
  1 | [zeta, mid, alpha, beta]
case.ra:1: shape error: unknown name "mid"
  1 | [zeta, mid, alpha, beta]
case.ra:1: shape error: unknown name "alpha"
  1 | [zeta, mid, alpha, beta]
case.ra:1: shape error: unknown name "beta"
  1 | [zeta, mid, alpha, beta]
raster: 4 shape error(s); not running (use --no-check to run anyway)
