exit 1
--- stdout ---
--- stderr ---
case.ra:1: shape error: unknown name "github"
  1 | github.com/martin-k-m/raster/internal/value
case.ra:1: shape error: unknown name "martin"
  1 | github.com/martin-k-m/raster/internal/value
case.ra:1: shape error: unknown name "k"
  1 | github.com/martin-k-m/raster/internal/value
case.ra:1: shape error: unknown name "m"
  1 | github.com/martin-k-m/raster/internal/value
case.ra:1: shape error: unknown name "raster"
  1 | github.com/martin-k-m/raster/internal/value
case.ra:1: shape error: unknown name "internal"
  1 | github.com/martin-k-m/raster/internal/value
case.ra:1: shape error: unknown name "value"
  1 | github.com/martin-k-m/raster/internal/value
raster: 7 shape error(s); not running (use --no-check to run anyway)
