exit 1
--- stdout ---
--- stderr ---
case.ra:1: shape error: unknown name "expected"
  1 | expected a structure-mismatch error
case.ra:1: shape error: unknown name "a"
  1 | expected a structure-mismatch error
case.ra:1: shape error: unknown name "structure"
  1 | expected a structure-mismatch error
case.ra:1: shape error: unknown name "mismatch"
  1 | expected a structure-mismatch error
case.ra:1: shape error: unknown name "error"
  1 | expected a structure-mismatch error
raster: 5 shape error(s); not running (use --no-check to run anyway)
