exit 0
--- stdout ---
A @ x = tensor([3, 7, 11], shape=[3])
A @ B = tensor([[5], [11], [17]], shape=[3, 1])
apply_layer = tensor([3, 7, 11], shape=[3])
y = tensor([13, 27, 41], shape=[3])
# canonical v1
_result = unit
A = tensor shape=[3, 2] data=[0x1p+00 0x1p+01 0x1.8p+01 0x1p+02 0x1.4p+02 0x1.8p+02]
B = tensor shape=[2, 1] data=[0x1p+00 0x1p+01]
apply_layer = fn apply_layer/2
layer = record {b: tensor shape=[3] data=[0x0p+00 0x0p+00 0x0p+00], w: tensor shape=[3, 2] data=[0x1p+00 0x1p+01 0x1.8p+01 0x1p+02 0x1.4p+02 0x1.8p+02]}
matmul2 = fn matmul2/2
matvec = fn matvec/2
x = tensor shape=[2] data=[0x1p+00 0x1p+00]
y = tensor shape=[3] data=[0x1.ap+03 0x1.bp+04 0x1.48p+05]
--- stderr ---
